   Compiling syn v3.0.6
   Compiling syn v2.0.119
   Compiling serde_core v1.0.229
   Compiling cfg-if v1.0.5
   Compiling libc v0.2.189
   Compiling pin-project-lite v0.2.17
   Compiling futures-core v0.3.34
   Compiling typeid v1.0.3
   Compiling erased-serde v0.4.10
   Compiling memchr v2.8.3
   Compiling serde_fmt v1.1.0
   Compiling autocfg v1.5.1
   Compiling value-bag-serde1 v1.14.1
   Compiling value-bag v1.14.1
   Compiling futures-sink v0.3.34
   Compiling serde v1.0.229
   Compiling log v0.4.34
   Compiling serde_derive v1.0.229
   Compiling bytes v1.12.1
   Compiling parking_lot_core v0.9.12
   Compiling slab v0.4.12
   Compiling scopeguard v1.2.0
   Compiling smallvec v1.16.1
   Compiling lock_api v0.4.14
   Compiling futures-channel v0.3.34
   Compiling once_cell v1.21.4
   Compiling futures-macro v0.3.34
   Compiling futures-task v0.3.34
   Compiling futures-io v0.3.34
   Compiling regex-syntax v0.8.11
   Compiling futures-util v0.3.34
   Compiling regex-automata v0.4.18
   Compiling parking_lot v0.12.5
   Compiling errno v0.3.14
   Compiling either v1.18.0
   Compiling hashbrown v0.17.1
   Compiling siphasher v1.0.3
   Compiling equivalent v1.0.2
   Compiling regex v1.13.1
   Compiling signal-hook-registry v1.4.8
   Compiling socket2 v0.6.5
   Compiling mio v1.2.3
   Compiling tokio-macros v2.7.2
   Compiling num-traits v0.2.19
   Compiling fnv v1.0.7
   Compiling anyhow v1.0.104
   Compiling tokio v1.53.1
   Compiling phf_shared v0.11.3
   Compiling tracing-core v0.1.36
   Compiling rand_core v0.6.4
   Compiling rand v0.8.8
   Compiling itoa v1.0.18
   Compiling syn v1.0.109
   Compiling iana-time-zone v0.1.65
   Compiling phf_generator v0.11.3
   Compiling tracing-attributes v0.1.31
   Compiling unicode-segmentation v1.13.3
   Compiling tracing v0.1.44
   Compiling phf_codegen v0.11.3
   Compiling http v1.5.0
   Compiling phf v0.11.3
   Compiling parse-zoneinfo v0.3.1
   Compiling chrono-tz-build v0.2.1
   Compiling indexmap v2.14.2
   Compiling itertools v0.14.0
   Compiling bitflags v2.13.2
   Compiling unicode-xid v0.2.6
   Compiling heck v0.5.0
   Compiling chrono-tz v0.8.6
   Compiling http-body v1.1.0
   Compiling tokio-util v0.7.19
   Compiling prost-derive v0.14.4
   Compiling pin-project-internal v1.1.13
   Compiling rand_core v0.10.1
   Compiling rustix v1.1.5
   Compiling getrandom v0.4.3
   Compiling pin-project v1.1.13
   Compiling chrono v0.4.45
   Compiling httparse v1.10.1
   Compiling prettyplease v0.2.37
   Compiling zeroize v1.9.0
   Compiling linux-raw-sys v0.12.1
   Compiling thiserror v1.0.69
   Compiling tower-service v0.3.3
   Compiling pulldown-cmark v0.13.4
   Compiling rustls-pki-types v1.15.1
   Compiling thiserror-impl v1.0.69
   Compiling virtue v0.0.18
   Compiling foldhash v0.1.5
   Compiling atomic-waker v1.1.2
   Compiling unicase v2.9.0
   Compiling fastrand v2.5.0
   Compiling try-lock v0.2.5
   Compiling cpufeatures v0.3.1
   Compiling chacha20 v0.10.2
   Compiling want v0.3.1
   Compiling prost v0.14.4
   Compiling h2 v0.4.19
   Compiling hashbrown v0.15.5
   Compiling bincode_derive v2.0.1
   Compiling futures-executor v0.3.34
   Compiling async-trait v0.1.92
   Compiling unty v0.0.4
   Compiling untrusted v0.9.0
   Compiling compare v0.1.0
   Compiling zerocopy v0.8.57
   Compiling utf8parse v0.2.2
   Compiling fixedbitset v0.5.7
   Compiling tower-layer v0.3.3
   Compiling sync_wrapper v1.0.2
   Compiling httpdate v1.0.3
   Compiling rustls v0.23.45
   Compiling tempfile v3.27.0
   Compiling hyper v1.11.1
   Compiling petgraph v0.8.3
   Compiling anstyle-parse v1.0.0
   Compiling binary-heap-plus v0.5.0
   Compiling rustls-webpki v0.103.15
   Compiling bincode v2.0.1
   Compiling futures v0.3.34
   Compiling pulldown-cmark-to-cmark v22.0.1
   Compiling prost-types v0.14.4
   Compiling rand v0.10.2
   Compiling http-body-util v0.1.5
   Compiling deepsize_derive v0.1.2
   Compiling convert_case v0.10.0
   Compiling futures-async-stream-macro v0.2.13
   Compiling proc-macro-error-attr2 v2.0.0
   Compiling unicode-width v0.2.2
   Compiling mime v0.3.17
   Compiling subtle v2.6.1
   Compiling rust_decimal v1.43.0
   Compiling multimap v0.10.1
   Compiling is_terminal_polyfill v1.70.2
   Compiling anstyle v1.0.14
   Compiling anstyle-query v1.1.5
   Compiling colorchoice v1.0.5
   Compiling semver v1.0.28
   Compiling anstream v1.0.0
   Compiling openraft-macros v0.10.0-alpha.34
   Compiling prost-build v0.14.4
   Compiling futures-async-stream v0.2.13
   Compiling axum-core v0.5.6
   Compiling proc-macro-error2 v2.0.1
   Compiling deepsize v0.2.0
   Compiling derive_more-impl v2.1.1
   Compiling stream-more v0.1.3
   Compiling seq-marked v0.3.5
   Compiling hyper-util v0.1.20
   Compiling tower v0.5.3
   Compiling tonic-build v0.14.6
   Compiling display-more v0.2.6
   Compiling convert_case v0.6.0
   Compiling itertools v0.13.0
   Compiling anyerror v0.1.13
   Compiling getrandom v0.2.17
   Compiling ident_case v1.0.1
   Compiling strsim v0.11.1
   Compiling percent-encoding v2.3.2
   Compiling openssl-probe v0.2.1
   Compiling thiserror v2.0.20
   Compiling crossbeam-utils v0.8.23
   Compiling strsim v0.10.0
   Compiling arrayvec v0.7.8
   Compiling base2histogram v0.2.3
   Compiling matchit v0.8.4
   Compiling bytecount v0.6.9
   Compiling clap_lex v1.1.1
   Compiling zmij v1.0.23
   Compiling crc32fast v1.5.2
   Compiling clap_builder v4.6.7
   Compiling papergrid v0.17.0
   Compiling axum v0.8.9
   Compiling darling_core v0.14.4
   Compiling map-api v0.5.0 (https://github.com/databendlabs/map-api?tag=v0.5.0#556bde71)
   Compiling rustls-native-certs v0.8.4
   Compiling tonic-prost-build v0.14.6
   Compiling derive_more-impl v1.0.0
   Compiling hyper-timeout v0.5.2
   Compiling derive_more v2.1.1
   Compiling tokio-rustls v0.26.5
   Compiling tabled_derive v0.11.0
   Compiling openraft-rt v0.10.0-alpha.34
   Compiling testing_table v0.3.0
   Compiling display-more v0.2.0 (https://github.com/databendlabs/display-more?tag=v0.2.0#8a3e8351)
   Compiling clap_derive v4.6.7
   Compiling tokio-stream v0.1.19
   Compiling thiserror-impl v2.0.20
   Compiling version_check v0.9.5
   Compiling serde_json v1.0.151
   Compiling getrandom v0.3.4
   Compiling parking v2.2.1
   Compiling utf8-width v0.1.9
   Compiling base64 v0.22.1
   Compiling event-listener v5.4.2
   Compiling byte-unit v5.2.6
   Compiling tonic v0.14.6
   Compiling ahash v0.8.12
   Compiling clap v4.6.7
   Compiling derive_more v1.0.0
   Compiling state-machine-api v0.4.0 (https://github.com/databendlabs/state-machine-api?tag=v0.4.0#7abd898d)
   Compiling tabled v0.20.0
   Compiling openraft-rt-tokio v0.10.0-alpha.34
   Compiling databend-meta-proto v260629.7.0 (/tmp/adversary-runtime-comparison/databend-meta/crates/common/proto)
   Compiling darling_macro v0.14.4
   Compiling validit v0.2.6
   Compiling ppv-lite86 v0.2.21
   Compiling itertools v0.15.0
   Compiling winnow v1.0.4
   Compiling maplit v1.0.2
   Compiling rustversion v1.0.23
   Compiling peel-off v0.1.1
   Compiling backoff-series v0.1.1
   Compiling lazy_static v1.5.0
   Compiling byteorder v1.5.0
   Compiling openraft v0.10.0-alpha.29
   Compiling codeq v0.6.2
   Compiling sharded-slab v0.1.7
   Compiling toml_parser v1.1.3+spec-1.1.0
   Compiling tonic-prost v0.14.6
   Compiling rand_chacha v0.3.1
   Compiling concurrent-queue v2.5.0
   Compiling darling v0.14.4
   Compiling databend-meta-base v260629.7.0 (/tmp/adversary-runtime-comparison/databend-meta/crates/server/base)
   Compiling event-listener-strategy v0.5.4
   Compiling tracing-log v0.2.0
   Compiling toml_datetime v0.7.5+spec-1.1.0
   Compiling serde_spanned v1.1.1
   Compiling fs2 v0.4.3
   Compiling thread_local v1.1.10
   Compiling num-derive v0.4.2
   Compiling async-stream-impl v0.3.6
   Compiling nu-ansi-term v0.50.3
   Compiling winnow v0.7.15
   Compiling toml_writer v1.1.2+spec-1.1.0
   Compiling web-time v1.1.0
   Compiling small_ctor v0.1.2
   Compiling fastant v0.1.11
   Compiling toml v0.9.12+spec-1.1.0
   Compiling tracing-subscriber v0.3.23
   Compiling async-stream v0.3.6
   Compiling chunked-wal v0.2.3 (/tmp/adversary-runtime-comparison/chunked-wal)
   Compiling async-channel v2.5.0
   Compiling madsim-macros v0.2.12
   Compiling rand_xoshiro v0.6.0
   Compiling rmp v0.8.15
   Compiling bincode v1.3.3
   Compiling spin v0.9.9
   Compiling num_cpus v1.17.0
   Compiling fastrace-macro v0.7.19
   Compiling panic-message v0.3.0
   Compiling rtrb v0.3.5
   Compiling async-task v4.7.1
   Compiling downcast-rs v1.2.1
   Compiling naive-timer v0.2.0
   Compiling madsim v0.2.34
   Compiling fastrace v0.7.19
   Compiling databend-meta-types v260629.7.0 (/tmp/adversary-runtime-comparison/databend-meta/crates/server/types)
   Compiling rmp-serde v1.3.1
   Compiling raft-log v0.4.6
   Compiling diff v0.1.13
   Compiling yansi v1.0.1
   Compiling databend-meta-raft-log v260629.7.0 (/tmp/adversary-runtime-comparison/databend-meta/crates/server/raft-log)
   Compiling pretty_assertions v1.4.1
    Finished `dev` profile [unoptimized] target(s) in 1m 58s
