    Updating git repository `https://github.com/datafuse-extras/async-backtrace.git`
    Updating git repository `https://github.com/databendlabs/databend-base`
    Updating git repository `https://github.com/databendlabs/map-api`
    Updating git repository `https://github.com/datafuse-extras/sled`
    Updating git repository `https://github.com/databendlabs/state-machine-api`
    Updating git repository `https://github.com/databendlabs/watcher`
    Updating crates.io index
    Updating git repository `https://github.com/databendlabs/display-more`
     Locking 441 packages to latest compatible versions
      Adding arrow-flight v58.4.0 (available: v60.0.0)
      Adding bincode v2.0.1 (available: v3.0.0)
      Adding generic-array v0.14.7 (available: v0.14.9)
      Adding hostname v0.3.1 (available: v0.4.2)
      Adding itertools v0.13.0 (available: v0.15.0)
      Adding logcall v0.1.13 (available: v0.2.1)
      Adding matchit v0.8.4 (available: v0.8.6)
      Adding num-derive v0.4.2 (available: v0.5.1)
      Adding openraft v0.10.0-alpha.29 (available: v0.10.0-alpha.34)
      Adding prometheus-client v0.22.3 (available: v0.25.1)
      Adding rand v0.8.8 (available: v0.10.2)
      Adding rotbl v0.2.10 (available: v0.3.0)
      Adding sha2 v0.10.9 (available: v0.11.0)
      Adding strum v0.24.1 (available: v0.28.0)
      Adding strum_macros v0.24.3 (available: v0.28.0)
      Adding thiserror v1.0.69 (available: v2.0.20)
      Adding toml v0.8.23 (available: v1.1.6+spec-1.1.0)
 Downloading crates ...
  Downloaded anyerror v0.1.13
  Downloaded cfg-if v1.0.5
  Downloaded bincode_derive v2.0.1
  Downloaded cfg_aliases v0.2.2
  Downloaded clap_lex v1.1.1
  Downloaded deepsize v0.2.0
  Downloaded fs2 v0.4.3
  Downloaded deepsize_derive v0.1.2
  Downloaded tokio-rustls v0.26.5
  Downloaded num-derive v0.4.2
  Downloaded multimap v0.10.1
  Downloaded httpdate v1.0.3
  Downloaded signal-hook-registry v1.4.8
  Downloaded sval_fmt v2.22.0
  Downloaded maplit v1.0.2
  Downloaded phf_shared v0.11.3
  Downloaded proc-macro-crate v3.5.0
  Downloaded sval_buffer v2.22.0
  Downloaded openssl-probe v0.2.1
  Downloaded tokio-macros v2.7.2
  Downloaded phf_codegen v0.11.3
  Downloaded ref-cast v1.0.27
  Downloaded sval_serde v2.22.0
  Downloaded tonic-prost-build v0.14.6
  Downloaded phf_generator v0.11.3
  Downloaded tabled_derive v0.11.0
  Downloaded ref-cast-impl v1.0.27
  Downloaded http-body v1.1.0
  Downloaded testing_table v0.3.0
  Downloaded small_ctor v0.1.2
  Downloaded chrono-tz-build v0.2.1
  Downloaded utf8-width v0.1.9
  Downloaded value-bag-sval2 v1.14.1
  Downloaded sval_nested v2.22.0
  Downloaded axum-core v0.5.6
  Downloaded sval_json v2.22.0
  Downloaded foldhash v0.1.5
  Downloaded tonic-build v0.14.6
  Downloaded tonic-prost v0.14.6
  Downloaded http-body-util v0.1.5
  Downloaded convert_case v0.10.0
  Downloaded find-msvc-tools v0.1.13
  Downloaded sval_dynamic v2.22.0
  Downloaded prost-derive v0.14.4
  Downloaded phf v0.11.3
  Downloaded serde_fmt v1.1.0
  Downloaded value-bag-serde1 v1.14.1
  Downloaded bytecount v0.6.9
  Downloaded zeroize v1.9.0
  Downloaded sval_ref v2.22.0
  Downloaded web-time v1.1.0
  Downloaded validit v0.2.6
  Downloaded hyper-timeout v0.5.2
  Downloaded bitflags v2.13.2
  Downloaded fixedbitset v0.5.7
  Downloaded clap_derive v4.6.7
  Downloaded byte-unit v5.2.6
  Downloaded rustls-pki-types v1.15.1
  Downloaded rustls-native-certs v0.8.4
  Downloaded rmp v0.8.15
  Downloaded pulldown-cmark-to-cmark v22.0.1
  Downloaded prost v0.14.4
  Downloaded pin-project-internal v1.1.13
  Downloaded borsh-derive v1.8.1
  Downloaded rmp-serde v1.3.1
  Downloaded matchit v0.8.4
  Downloaded diff v0.1.13
  Downloaded httparse v1.10.1
  Downloaded arrayvec v0.7.8
  Downloaded unty v0.0.4
  Downloaded unicase v2.9.0
  Downloaded tokio-stream v0.1.19
  Downloaded virtue v0.0.18
  Downloaded unicode-ident v1.0.26
  Downloaded getrandom v0.2.17
  Downloaded tracing-attributes v0.1.31
  Downloaded smallvec v1.16.1
  Downloaded derive_more v1.0.0
  Downloaded rtrb v0.3.5
  Downloaded prost-build v0.14.4
  Downloaded pin-project v1.1.13
  Downloaded value-bag v1.14.1
  Downloaded crc32fast v1.5.2
  Downloaded ryu v1.0.23
  Downloaded yansi v1.0.1
  Downloaded tracing-core v0.1.36
  Downloaded prost-types v0.14.4
  Downloaded clap v4.6.7
  Downloaded toml_edit v0.25.15+spec-1.1.0
  Downloaded pretty_assertions v1.4.1
  Downloaded sval v2.22.0
  Downloaded bincode v2.0.1
  Downloaded derive_more-impl v1.0.0
  Downloaded tonic v0.14.6
  Downloaded zerocopy-derive v0.8.57
  Downloaded tower v0.5.3
  Downloaded borsh v1.8.1
  Downloaded prettyplease v0.2.37
  Downloaded parse-zoneinfo v0.3.1
  Downloaded stream-more v0.1.3
  Downloaded tokio-util v0.7.19
  Downloaded compare v0.1.0
  Downloaded fastrace-macro v0.7.19
  Downloaded backoff-series v0.1.1
  Downloaded seq-marked v0.3.5
  Downloaded rustls-webpki v0.103.15
  Downloaded rand v0.8.8
  Downloaded cc v1.4.7
  Downloaded peel-off v0.1.1
  Downloaded openraft-rt-tokio v0.10.0-alpha.34
  Downloaded futures-async-stream-macro v0.2.13
  Downloaded mio v1.2.3
  Downloaded rand v0.9.5
  Downloaded display-more v0.2.6
  Downloaded fastant v0.1.11
  Downloaded codeq v0.6.2
  Downloaded binary-heap-plus v0.5.0
  Downloaded indexmap v2.14.2
  Downloaded hyper-util v0.1.20
  Downloaded openraft-macros v0.10.0-alpha.34
  Downloaded futures-async-stream v0.2.13
  Downloaded zerocopy v0.8.57
  Downloaded syn v3.0.6
  Downloaded tabled v0.20.0
  Downloaded openraft-rt v0.10.0-alpha.34
  Downloaded fastrace v0.7.19
  Downloaded tracing v0.1.44
  Downloaded papergrid v0.17.0
  Downloaded axum v0.8.9
  Downloaded base2histogram v0.2.3
  Downloaded pulldown-cmark v0.13.4
  Downloaded itertools v0.13.0
  Downloaded itertools v0.15.0
  Downloaded clap_builder v4.6.7
  Downloaded rust_decimal v1.43.0
  Downloaded h2 v0.4.19
  Downloaded raft-log v0.4.6
  Downloaded chunked-wal v0.2.3
  Downloaded hyper v1.11.1
  Downloaded rustls v0.23.45
  Downloaded rustix v1.1.5
  Downloaded openraft v0.10.0-alpha.29
  Downloaded chrono-tz v0.8.6
  Downloaded petgraph v0.8.3
  Downloaded ring v0.17.14
   Compiling proc-macro2 v1.0.107
   Compiling quote v1.0.47
   Compiling unicode-ident v1.0.26
   Compiling serde_core v1.0.229
   Compiling libc v0.2.189
error: linking with `clang` failed: exit status: 1
  |
  = note:  "clang" "-m64" "/tmp/rustcIZKfgy/symbols.o" "<3 object files omitted>" "-Wl,--as-needed" "-Wl,-Bstatic" "<sysroot>/lib/rustlib/x86_64-unknown-linux-gnu/lib/{libstd-*,libpanic_unwind-*,libobject-*,libmemchr-*,libaddr2line-*,libgimli-*,libcfg_if-*,librustc_demangle-*,libstd_detect-*,libhashbrown-*,librustc_std_workspace_alloc-*,libminiz_oxide-*,libadler2-*,libunwind-*,liblibc-*,librustc_std_workspace_core-*,liballoc-*,libcore-*,libcompiler_builtins-*}.rlib" "-Wl,-Bdynamic" "-lgcc_s" "-lutil" "-lrt" "-lpthread" "-lm" "-ldl" "-lc" "-L" "/tmp/rustcIZKfgy/raw-dylibs" "-Wl,--eh-frame-hdr" "-Wl,-z,noexecstack" "-L" "<sysroot>/lib/rustlib/x86_64-unknown-linux-gnu/lib" "-o" "/tmp/adversary-topology-20260918/work/target/debug/build/serde_core-fc779822d7962bf6/build_script_build-fc779822d7962bf6" "-Wl,--gc-sections" "-pie" "-Wl,-z,relro,-z,now" "-Wl,--strip-debug" "-nodefaultlibs" "-Wl,-rpath,$ORIGIN/../../../../../../..<sysroot>/lib/rustlib/x86_64-unknown-linux-gnu/lib,--enable-new-dtags,-z,origin" "-fuse-ld=mold" "-flto=thin"
  = note: some arguments are omitted. use `--verbose` to show all linker arguments
  = note: clang: error: invalid linker name in argument '-fuse-ld=mold'
          clang: error: invalid linker name in argument '-fuse-ld=mold'
          

error: linking with `clang` failed: exit status: 1
  |
  = note:  "clang" "-m64" "/tmp/rustcGxF8vv/symbols.o" "<5 object files omitted>" "-Wl,--as-needed" "-Wl,-Bstatic" "<sysroot>/lib/rustlib/x86_64-unknown-linux-gnu/lib/{libstd-*,libpanic_unwind-*,libobject-*,libmemchr-*,libaddr2line-*,libgimli-*,libcfg_if-*,librustc_demangle-*,libstd_detect-*,libhashbrown-*,librustc_std_workspace_alloc-*,libminiz_oxide-*,libadler2-*,libunwind-*,liblibc-*,librustc_std_workspace_core-*,liballoc-*,libcore-*,libcompiler_builtins-*}.rlib" "-Wl,-Bdynamic" "-lgcc_s" "-lutil" "-lrt" "-lpthread" "-lm" "-ldl" "-lc" "-L" "/tmp/rustcGxF8vv/raw-dylibs" "-Wl,--eh-frame-hdr" "-Wl,-z,noexecstack" "-L" "<sysroot>/lib/rustlib/x86_64-unknown-linux-gnu/lib" "-o" "/tmp/adversary-topology-20260918/work/target/debug/build/libc-3b4055e371332972/build_script_build-3b4055e371332972" "-Wl,--gc-sections" "-pie" "-Wl,-z,relro,-z,now" "-Wl,--strip-debug" "-nodefaultlibs" "-Wl,-rpath,$ORIGIN/../../../../../../..<sysroot>/lib/rustlib/x86_64-unknown-linux-gnu/lib,--enable-new-dtags,-z,origin" "-fuse-ld=mold" "-flto=thin"
  = note: some arguments are omitted. use `--verbose` to show all linker arguments
  = note: clang: error: invalid linker name in argument '-fuse-ld=mold'
          clang: error: invalid linker name in argument '-fuse-ld=mold'
          

error: linking with `clang` failed: exit status: 1
  |
  = note:  "clang" "-m64" "/tmp/rustcz8Njzx/symbols.o" "<2 object files omitted>" "-Wl,--as-needed" "-Wl,-Bstatic" "<sysroot>/lib/rustlib/x86_64-unknown-linux-gnu/lib/{libstd-*,libpanic_unwind-*,libobject-*,libmemchr-*,libaddr2line-*,libgimli-*,libcfg_if-*,librustc_demangle-*,libstd_detect-*,libhashbrown-*,librustc_std_workspace_alloc-*,libminiz_oxide-*,libadler2-*,libunwind-*,liblibc-*,librustc_std_workspace_core-*,liballoc-*,libcore-*,libcompiler_builtins-*}.rlib" "-Wl,-Bdynamic" "-lgcc_s" "-lutil" "-lrt" "-lpthread" "-lm" "-ldl" "-lc" "-L" "/tmp/rustcz8Njzx/raw-dylibs" "-Wl,--eh-frame-hdr" "-Wl,-z,noexecstack" "-L" "<sysroot>/lib/rustlib/x86_64-unknown-linux-gnu/lib" "-o" "/tmp/adversary-topology-20260918/work/target/debug/build/quote-09802dd094b88970/build_script_build-09802dd094b88970" "-Wl,--gc-sections" "-pie" "-Wl,-z,relro,-z,now" "-Wl,--strip-debug" "-nodefaultlibs" "-Wl,-rpath,$ORIGIN/../../../../../../..<sysroot>/lib/rustlib/x86_64-unknown-linux-gnu/lib,--enable-new-dtags,-z,origin" "-fuse-ld=mold" "-flto=thin"
  = note: some arguments are omitted. use `--verbose` to show all linker arguments
  = note: clang: error: invalid linker name in argument '-fuse-ld=mold'
          clang: error: invalid linker name in argument '-fuse-ld=mold'
          

error: linking with `clang` failed: exit status: 1
  |
  = note:  "clang" "-m64" "/tmp/rustcA45Z5O/symbols.o" "<3 object files omitted>" "-Wl,--as-needed" "-Wl,-Bstatic" "<sysroot>/lib/rustlib/x86_64-unknown-linux-gnu/lib/{libstd-*,libpanic_unwind-*,libobject-*,libmemchr-*,libaddr2line-*,libgimli-*,libcfg_if-*,librustc_demangle-*,libstd_detect-*,libhashbrown-*,librustc_std_workspace_alloc-*,libminiz_oxide-*,libadler2-*,libunwind-*,liblibc-*,librustc_std_workspace_core-*,liballoc-*,libcore-*,libcompiler_builtins-*}.rlib" "-Wl,-Bdynamic" "-lgcc_s" "-lutil" "-lrt" "-lpthread" "-lm" "-ldl" "-lc" "-L" "/tmp/rustcA45Z5O/raw-dylibs" "-Wl,--eh-frame-hdr" "-Wl,-z,noexecstack" "-L" "<sysroot>/lib/rustlib/x86_64-unknown-linux-gnu/lib" "-o" "/tmp/adversary-topology-20260918/work/target/debug/build/proc-macro2-eeb0ef62fc4e7a33/build_script_build-eeb0ef62fc4e7a33" "-Wl,--gc-sections" "-pie" "-Wl,-z,relro,-z,now" "-Wl,--strip-debug" "-nodefaultlibs" "-Wl,-rpath,$ORIGIN/../../../../../../..<sysroot>/lib/rustlib/x86_64-unknown-linux-gnu/lib,--enable-new-dtags,-z,origin" "-fuse-ld=mold" "-flto=thin"
  = note: some arguments are omitted. use `--verbose` to show all linker arguments
  = note: clang: error: invalid linker name in argument '-fuse-ld=mold'
          clang: error: invalid linker name in argument '-fuse-ld=mold'
          

error: could not compile `quote` (build script) due to 1 previous error
warning: build failed, waiting for other jobs to finish...
error: could not compile `proc-macro2` (build script) due to 1 previous error
error: could not compile `libc` (build script) due to 1 previous error
error: could not compile `serde_core` (build script) due to 1 previous error
