   Compiling proc-macro2 v1.0.107
   Compiling quote v1.0.47
   Compiling unicode-ident v1.0.26
   Compiling libc v0.2.189
   Compiling syn v2.0.119
   Compiling syn v3.0.6
   Compiling cfg-if v1.0.5
   Compiling serde_core v1.0.229
   Compiling pin-project-lite v0.2.17
   Compiling smallvec v1.16.1
   Compiling memchr v2.8.3
   Compiling zeroize_derive v1.5.0
   Compiling equivalent v1.0.2
   Compiling autocfg v1.5.1
   Compiling futures-core v0.3.34
   Compiling zeroize v1.9.0
   Compiling typeid v1.0.3
   Compiling erased-serde v0.4.10
   Compiling serde_fmt v1.1.0
   Compiling once_cell v1.21.4
   Compiling scopeguard v1.2.0
   Compiling parking_lot_core v0.9.12
   Compiling value-bag-serde1 v1.14.1
   Compiling lock_api v0.4.14
   Compiling futures-sink v0.3.34
   Compiling value-bag v1.14.1
   Compiling bytes v1.12.1
   Compiling log v0.4.34
   Compiling parking_lot v0.12.5
   Compiling num-traits v0.2.19
   Compiling slab v0.4.12
   Compiling rand_core v0.10.1
   Compiling serde v1.0.229
   Compiling futures-channel v0.3.34
   Compiling serde_derive v1.0.229
   Compiling errno v0.3.14
   Compiling signal-hook-registry v1.4.8
   Compiling futures-macro v0.3.34
   Compiling tokio-macros v2.7.2
   Compiling mio v1.2.3
   Compiling socket2 v0.6.5
   Compiling futures-io v0.3.34
   Compiling futures-task v0.3.34
   Compiling tokio v1.53.1
   Compiling futures-util v0.3.34
   Compiling subtle v2.6.1
   Compiling getrandom v0.4.3
   Compiling tracing-core v0.1.36
   Compiling either v1.18.0
   Compiling foldhash v0.2.0
   Compiling tracing-attributes v0.1.31
   Compiling itoa v1.0.18
   Compiling tracing v0.1.44
   Compiling hashbrown v0.17.1
   Compiling typenum v1.20.1
   Compiling synstructure v0.14.0
   Compiling indexmap v2.14.2
   Compiling zerofrom-derive v0.1.8
   Compiling hybrid-array v0.4.15
   Compiling jobserver v0.1.35
   Compiling zerocopy v0.8.57
   Compiling anyhow v1.0.104
   Compiling find-msvc-tools v0.1.13
   Compiling regex-syntax v0.8.11
   Compiling bitflags v2.13.2
   Compiling shlex v2.0.1
   Compiling cc v1.4.7
   Compiling regex-automata v0.4.18
   Compiling zerofrom v0.1.8
   Compiling yoke-derive v0.8.3
   Compiling zerocopy-derive v0.8.57
   Compiling stable_deref_trait v1.2.1
   Compiling cmov v0.5.4
   Compiling siphasher v1.0.3
   Compiling ctutils v0.4.2
   Compiling yoke v0.8.3
   Compiling regex v1.13.1
   Compiling http v1.5.0
   Compiling cpufeatures v0.3.1
   Compiling percent-encoding v2.3.2
   Compiling zerovec-derive v0.11.6
   Compiling const-oid v0.10.2
   Compiling fnv v1.0.7
   Compiling thiserror v2.0.20
   Compiling http-body v1.1.0
   Compiling zerovec v0.11.8
   Compiling phf_shared v0.11.3
   Compiling crypto-common v0.2.2
   Compiling tokio-util v0.7.19
   Compiling futures-executor v0.3.34
   Compiling displaydoc v0.2.7
   Compiling thiserror-impl v2.0.20
   Compiling winnow v1.0.4
   Compiling rand_core v0.6.4
   Compiling rand v0.8.8
   Compiling toml_parser v1.1.3+spec-1.1.0
   Compiling toml_datetime v1.1.1+spec-1.1.0
   Compiling itertools v0.14.0
   Compiling pin-project-internal v1.1.13
   Compiling iana-time-zone v0.1.65
   Compiling httparse v1.10.1
   Compiling tower-service v0.3.3
   Compiling crossbeam-utils v0.8.23
   Compiling getrandom v0.3.4
   Compiling prost-derive v0.14.4
   Compiling pin-project v1.1.13
   Compiling phf_generator v0.11.3
   Compiling block-buffer v0.12.1
   Compiling atomic-waker v1.1.2
   Compiling unicode-segmentation v1.13.3
   Compiling heck v0.5.0
   Compiling version_check v0.9.5
   Compiling try-lock v0.2.5
   Compiling zmij v1.0.23
   Compiling semver v1.0.28
   Compiling want v0.3.1
   Compiling h2 v0.4.19
   Compiling digest v0.11.3
   Compiling phf_codegen v0.11.3
   Compiling toml_edit v0.25.15+spec-1.1.0
   Compiling tinystr v0.8.4
   Compiling phf v0.11.3
   Compiling form_urlencoded v1.2.2
   Compiling parse-zoneinfo v0.3.1
   Compiling sync_wrapper v1.0.2
   Compiling tower-layer v0.3.3
   Compiling serde_json v1.0.151
   Compiling writeable v0.6.4
   Compiling httpdate v1.0.3
   Compiling litemap v0.8.3
   Compiling hyper v1.11.1
   Compiling icu_locale_core v2.3.0
   Compiling chrono-tz-build v0.2.1
   Compiling proc-macro-crate v3.5.0
   Compiling zerotrie v0.2.5
   Compiling futures v0.3.34
   Compiling potential_utf v0.1.6
   Compiling chacha20 v0.10.2
   Compiling unicode-xid v0.2.6
   Compiling icu_properties_data v2.3.0
   Compiling icu_normalizer_data v2.3.0
   Compiling utf8_iter v1.0.4
   Compiling ipnet v2.12.2
   Compiling base64 v0.22.1
   Compiling hyper-util v0.1.20
   Compiling icu_collections v2.3.0
   Compiling rand v0.10.2
   Compiling icu_provider v2.3.1
   Compiling chrono-tz v0.8.6
   Compiling tower v0.5.3
   Compiling http-body-util v0.1.5
   Compiling serde_spanned v1.1.1
   Compiling async-trait v0.1.92
   Compiling toml_writer v1.1.2+spec-1.1.0
   Compiling cpubits v0.1.1
   Compiling crossbeam-epoch v0.9.21
   Compiling commonware-macros-impl v2026.9.0
   Compiling rustix v1.1.5
   Compiling crypto-bigint v0.7.5
   Compiling toml v1.1.6+spec-1.1.0
   Compiling chrono v0.4.45
   Compiling ppv-lite86 v0.2.21
   Compiling ff v0.14.0
   Compiling pulldown-cmark v0.13.4
   Compiling utf8parse v0.2.2
   Compiling linux-raw-sys v0.12.1
   Compiling crossbeam-deque v0.8.8
   Compiling thiserror v1.0.69
   Compiling syn v1.0.109
   Compiling prettyplease v0.2.37
   Compiling anstyle-parse v1.0.0
   Compiling icu_normalizer v2.3.0
   Compiling icu_properties v2.3.0
   Compiling der v0.8.2
   Compiling tokio-stream v0.1.19
   Compiling itertools v0.13.0
   Compiling rustls-pki-types v1.15.1
   Compiling arrayvec v0.7.8
   Compiling thiserror-impl v1.0.69
   Compiling colorchoice v1.0.5
   Compiling virtue v0.0.18
   Compiling anstyle v1.0.14
   Compiling anstyle-query v1.1.5
   Compiling is_terminal_polyfill v1.70.2
   Compiling foldhash v0.1.5
   Compiling unicase v2.9.0
   Compiling rayon-core v1.13.0
   Compiling fastrand v2.5.0
   Compiling prost v0.14.4
   Compiling hashbrown v0.15.5
   Compiling anstream v1.0.0
   Compiling bincode_derive v2.0.1
   Compiling idna_adapter v1.2.2
   Compiling commonware-macros v2026.9.0
   Compiling group v0.14.0
   Compiling rand_core v0.9.5
   Compiling generic-array v0.14.7
   Compiling cmake v0.1.58
   Compiling untrusted v0.9.0
   Compiling dunce v1.0.5
   Compiling unty v0.0.4
   Compiling paste v1.0.15
   Compiling fs_extra v1.3.0
   Compiling pkg-config v0.3.34
   Compiling strsim v0.11.1
   Compiling ryu v1.0.23
   Compiling base16ct v1.0.0
   Compiling clap_lex v1.1.1
   Compiling mime v0.3.17
   Compiling compare v0.1.0
   Compiling fixedbitset v0.5.7
   Compiling rustls v0.23.45
   Compiling petgraph v0.8.3
   Compiling binary-heap-plus v0.5.0
   Compiling axum-core v0.5.6
   Compiling clap_builder v4.6.7
   Compiling sec1 v0.8.1
   Compiling serde_urlencoded v0.7.1
   Compiling aws-lc-sys v0.45.0
   Compiling tempfile v3.27.0
   Compiling deepsize_derive v0.1.2
   Compiling bincode v2.0.1
   Compiling rustls-webpki v0.103.15
   Compiling rand_chacha v0.9.0
   Compiling idna v1.1.0
   Compiling pulldown-cmark-to-cmark v22.0.1
   Compiling prost-types v0.14.4
   Compiling rustc_version v0.4.1
   Compiling ahash v0.8.12
   Compiling clap_derive v4.6.7
   Compiling convert_case v0.10.0
   Compiling opentelemetry v0.32.0
   Compiling serde_path_to_error v0.1.20
   Compiling num-integer v0.1.47
   Compiling futures-async-stream-macro v0.2.13
   Compiling proc-macro-error-attr2 v2.0.0
   Compiling unicode-width v0.2.2
   Compiling matchit v0.8.4
   Compiling multimap v0.10.1
   Compiling rust_decimal v1.43.0
   Compiling hashbrown v0.14.5
   Compiling cpufeatures v0.2.17
   Compiling const-hex v1.19.3
   Compiling dashmap v6.2.1
   Compiling axum v0.8.9
   Compiling prost-build v0.14.4
   Compiling futures-async-stream v0.2.13
   Compiling proc-macro-error2 v2.0.1
   Compiling num-bigint v0.4.8
   Compiling clap v4.6.7
   Compiling derive_more-impl v2.1.1
   Compiling curve25519-dalek v5.0.0
   Compiling openraft-macros v0.10.0-alpha.34
   Compiling url v2.5.8
   Compiling rayon v1.12.0
   Compiling rand v0.9.5
   Compiling seq-marked v0.3.5
   Compiling deepsize v0.2.0
   Compiling elliptic-curve v0.14.1
   Compiling stream-more v0.1.3
   Compiling tonic-build v0.14.6
   Compiling display-more v0.2.6
   Compiling primefield v0.14.0
   Compiling commonware-codec-macros v2026.9.0
   Compiling hmac v0.13.0
   Compiling convert_case v0.6.0
   Compiling anyerror v0.1.13
   Compiling num_cpus v1.17.0
   Compiling bytecount v0.6.9
   Compiling base2histogram v0.2.3
   Compiling crc32fast v1.5.2
   Compiling openssl-probe v0.2.1
   Compiling rustls-native-certs v0.8.4
   Compiling papergrid v0.17.0
   Compiling derive_more-impl v1.0.0
   Compiling rfc6979 v0.6.0
   Compiling commonware-codec v2026.9.0
   Compiling wnaf v0.14.1
   Compiling tonic-prost-build v0.14.6
   Compiling map-api v0.5.0 (https://github.com/databendlabs/map-api?tag=v0.5.0#556bde71)
   Compiling tokio-rustls v0.26.5
   Compiling crypto-common v0.1.7
   Compiling derive_more v2.1.1
   Compiling tower-http v0.6.11
   Compiling openraft-rt v0.10.0-alpha.34
   Compiling num-rational v0.4.2
   Compiling tabled_derive v0.11.0
   Compiling commonware-formatting v2026.9.0
   Compiling testing_table v0.3.0
   Compiling spki v0.8.0
   Compiling display-more v0.2.0 (https://github.com/databendlabs/display-more?tag=v0.2.0#8a3e8351)
   Compiling hyper-timeout v0.5.2
   Compiling signature v3.0.0
   Compiling half v2.7.1
   Compiling blake3 v1.8.7
   Compiling blst v0.3.17
   Compiling alloca v0.4.0
   Compiling curve25519-dalek-derive v0.1.1
   Compiling plotters-backend v0.3.7
   Compiling ciborium-io v0.2.2
   Compiling lazy_static v1.5.0
   Compiling aws-lc-rs v1.18.1
   Compiling web-time v1.1.0
   Compiling portable-atomic v1.15.0
   Compiling utf8-width v0.1.9
   Compiling base64 v0.23.1
   Compiling reqwest v0.13.5
   Compiling byte-unit v5.2.6
   Compiling sharded-slab v0.1.7
   Compiling ciborium-ll v0.2.2
   Compiling plotters-svg v0.3.7
   Compiling ecdsa v0.17.0
   Compiling tonic v0.14.6
   Compiling state-machine-api v0.4.0 (https://github.com/databendlabs/state-machine-api?tag=v0.4.0#7abd898d)
   Compiling tabled v0.20.0
   Compiling commonware-utils v2026.9.0
   Compiling openraft-rt-tokio v0.10.0-alpha.34
   Compiling digest v0.10.7
   Compiling databend-meta-proto v260629.7.0 (/tmp/adversary-runtime-comparison/databend-meta/crates/common/proto)
   Compiling primeorder v0.14.0
   Compiling derive_more v1.0.0
   Compiling threadpool v1.8.1
   Compiling validit v0.2.6
   Compiling opentelemetry_sdk v0.32.1
   Compiling commonware-parallel v2026.9.0
   Compiling matchers v0.2.0
   Compiling sha2 v0.11.0
   Compiling raw-cpuid v11.6.0
   Compiling itertools v0.15.0
   Compiling tracing-log v0.2.0
   Compiling tracing-serde v0.2.0
   Compiling thread_local v1.1.10
   Compiling constant_time_eq v0.4.2
   Compiling peel-off v0.1.1
   Compiling same-file v1.0.6
   Compiling byteorder v1.5.0
   Compiling cast v0.3.0
   Compiling prometheus-client v0.25.1
   Compiling spin v0.10.1
   Compiling backoff-series v0.1.1
   Compiling untrusted v0.7.1
   Compiling allocator-api2 v0.2.21
   Compiling nu-ansi-term v0.50.3
   Compiling maplit v1.0.2
   Compiling openraft v0.10.0-alpha.29
   Compiling tracing-subscriber v0.3.23
   Compiling hashbrown v0.16.1
   Compiling crc-fast v1.10.0
   Compiling criterion-plot v0.8.2
   Compiling codeq v0.6.2
   Compiling walkdir v2.5.0
   Compiling quanta v0.12.6
   Compiling p256 v0.14.0
   Compiling commonware-math v2026.9.0
   Compiling opentelemetry-proto v0.32.0
   Compiling databend-meta-base v260629.7.0 (/tmp/adversary-runtime-comparison/databend-meta/crates/server/base)
   Compiling tonic-prost v0.14.6
   Compiling x25519-dalek v3.0.0
   Compiling plotters v0.3.7
   Compiling ciborium v0.2.2
   Compiling opentelemetry-http v0.32.0
   Compiling rand_chacha v0.10.0
   Compiling tinytemplate v1.2.1
   Compiling spinning_top v0.3.0
   Compiling prometheus-client-derive-encode v0.5.1
   Compiling num-derive v0.4.2
   Compiling fs2 v0.4.3
   Compiling page_size v0.6.0
   Compiling oorandom v11.1.5
   Compiling futures-timer v3.0.4
   Compiling small_ctor v0.1.2
   Compiling dtoa v1.0.11
   Compiling anes v0.1.6
   Compiling nonzero_ext v0.3.0
   Compiling governor v0.10.4
   Compiling criterion v0.8.2
   Compiling commonware-cryptography v2026.9.0
   Compiling fastant v0.1.11
   Compiling chunked-wal v0.2.3 (/tmp/adversary-runtime-comparison/chunked-wal)
   Compiling opentelemetry-otlp v0.32.0
   Compiling tracing-opentelemetry v0.33.0
   Compiling commonware-runtime-macros v2026.9.0
   Compiling rmp v0.8.15
   Compiling sysinfo v0.39.6
   Compiling fastrace-macro v0.7.19
   Compiling rtrb v0.3.5
   Compiling fastrace v0.7.19
   Compiling commonware-runtime v2026.9.0
   Compiling rmp-serde v1.3.1
   Compiling databend-meta-types v260629.7.0 (/tmp/adversary-runtime-comparison/databend-meta/crates/server/types)
   Compiling raft-log v0.4.6
   Compiling diff v0.1.13
   Compiling yansi v1.0.1
   Compiling pretty_assertions v1.4.1
   Compiling databend-meta-raft-log v260629.7.0 (/tmp/adversary-runtime-comparison/databend-meta/crates/server/raft-log)
    Finished `dev` profile [unoptimized] target(s) in 3m 25s
warning: the following packages contain code that will be rejected by a future version of Rust: proc-macro-error2 v2.0.1
note: to see what the problems were, use the option `--future-incompat-report`, or run `cargo report future-incompatibilities --id 1`
